// Bun Snapshot v1, https://bun.sh/docs/test/snapshots

exports[`The Notifications stack matches the snapshot 1`] = `
{
  "Metadata": {
    "gu:cdk:constructs": [
      "GuSubnetListParameter",
      "GuVpcParameter",
      "GuSecurityGroup",
      "GuDistributionBucketParameter",
      "GuApiLambda",
      "GuCertificate",
      "GuCname",
      "GuSecurityGroup",
      "GuSubnetListParameter",
      "GuDatabaseInstance",
      "GuDeveloperPolicyExperimental",
    ],
    "gu:cdk:version": "64.1.0",
  },
  "Outputs": {
    "dispatchlambdadispatchapiEndpoint2C4D30C9": {
      "Value": {
        "Fn::Join": [
          "",
          [
            "https://",
            {
              "Ref": "dispatchlambdadispatchapiEEAA8616",
            },
            ".execute-api.eu-west-1.",
            {
              "Ref": "AWS::URLSuffix",
            },
            "/",
            {
              "Ref": "dispatchlambdadispatchapiDeploymentStageprod8A227FBD",
            },
            "/",
          ],
        ],
      },
    },
  },
  "Parameters": {
    "DistributionBucketName": {
      "Default": "/account/services/artifact.bucket",
      "Description": "SSM parameter containing the S3 bucket name holding distribution artifacts",
      "Type": "AWS::SSM::Parameter::Value<String>",
    },
    "PrivateSubnets": {
      "Default": "/account/vpc/primary/subnets/private",
      "Description": "A list of private subnets",
      "Type": "AWS::SSM::Parameter::Value<List<AWS::EC2::Subnet::Id>>",
    },
    "VpcId": {
      "Default": "/account/vpc/primary/id",
      "Description": "Virtual Private Cloud to run EC2 instances within. Should NOT be the account default VPC.",
      "Type": "AWS::SSM::Parameter::Value<AWS::EC2::VPC::Id>",
    },
    "dispatchPublicSubnets": {
      "Default": "/account/vpc/primary/subnets/public",
      "Description": "A list of public subnets",
      "Type": "AWS::SSM::Parameter::Value<List<AWS::EC2::Subnet::Id>>",
    },
  },
  "Resources": {
    "CertificateDispatchB98021E7": {
      "DeletionPolicy": "Retain",
      "Properties": {
        "DomainName": "dispatch.code.dev-gutools.co.uk",
        "Tags": [
          {
            "Key": "App",
            "Value": "dispatch",
          },
          {
            "Key": "gu:cdk:version",
            "Value": "64.1.0",
          },
          {
            "Key": "gu:repo",
            "Value": "guardian/notifications-tooling",
          },
          {
            "Key": "Name",
            "Value": "Dispatch/CertificateDispatch",
          },
          {
            "Key": "Stack",
            "Value": "notifications",
          },
          {
            "Key": "Stage",
            "Value": "TEST",
          },
        ],
        "ValidationMethod": "DNS",
      },
      "Type": "AWS::CertificateManager::Certificate",
      "UpdateReplacePolicy": "Retain",
    },
    "DBSecurityGroupDispatchED54EAC4": {
      "Properties": {
        "GroupDescription": "Allow connections from the Dispatch application lambda to the database.",
        "SecurityGroupEgress": [
          {
            "CidrIp": "255.255.255.255/32",
            "Description": "Disallow all traffic",
            "FromPort": 252,
            "IpProtocol": "icmp",
            "ToPort": 86,
          },
        ],
        "Tags": [
          {
            "Key": "App",
            "Value": "dispatch",
          },
          {
            "Key": "gu:cdk:version",
            "Value": "64.1.0",
          },
          {
            "Key": "gu:repo",
            "Value": "guardian/notifications-tooling",
          },
          {
            "Key": "Stack",
            "Value": "notifications",
          },
          {
            "Key": "Stage",
            "Value": "TEST",
          },
        ],
        "VpcId": {
          "Ref": "VpcId",
        },
      },
      "Type": "AWS::EC2::SecurityGroup",
    },
    "DBSecurityGroupDispatchfromDispatchDispatchLambdaSecurityGroupDispatchC260E7C054327AE444FB": {
      "Properties": {
        "Description": "Allow ingress traffic from the Dispatch application lambda security group.",
        "FromPort": 5432,
        "GroupId": {
          "Fn::GetAtt": [
            "DBSecurityGroupDispatchED54EAC4",
            "GroupId",
          ],
        },
        "IpProtocol": "tcp",
        "SourceSecurityGroupId": {
          "Fn::GetAtt": [
            "DispatchLambdaSecurityGroupDispatchDC5B2093",
            "GroupId",
          ],
        },
        "ToPort": 5432,
      },
      "Type": "AWS::EC2::SecurityGroupIngress",
    },
    "DBSubnetGroup": {
      "Properties": {
        "DBSubnetGroupDescription": "Subnet for the Dispatch database",
        "SubnetIds": {
          "Ref": "PrivateSubnets",
        },
        "Tags": [
          {
            "Key": "gu:cdk:version",
            "Value": "64.1.0",
          },
          {
            "Key": "gu:repo",
            "Value": "guardian/notifications-tooling",
          },
          {
            "Key": "Stack",
            "Value": "notifications",
          },
          {
            "Key": "Stage",
            "Value": "TEST",
          },
        ],
      },
      "Type": "AWS::RDS::DBSubnetGroup",
    },
    "DispatchAppDNS": {
      "Properties": {
        "Name": "dispatch.code.dev-gutools.co.uk",
        "RecordType": "CNAME",
        "ResourceRecords": [
          {
            "Fn::GetAtt": [
              "dispatchlambdadispatchapidispatchdomain85127498",
              "RegionalDomainName",
            ],
          },
        ],
        "Stage": "TEST",
        "TTL": 3600,
      },
      "Type": "Guardian::DNS::RecordSet",
    },
    "DispatchDatabaseDispatchdbCB51798D": {
      "DeletionPolicy": "Retain",
      "Properties": {
        "AllocatedStorage": "5",
        "AllowMajorVersionUpgrade": false,
        "AutoMinorVersionUpgrade": true,
        "CopyTagsToSnapshot": true,
        "DBInstanceClass": "db.t4g.micro",
        "DBInstanceIdentifier": "dispatch-test-db-18",
        "DBName": "dispatchdb",
        "DBSubnetGroupName": {
          "Ref": "DBSubnetGroup",
        },
        "DeleteAutomatedBackups": false,
        "DeletionProtection": true,
        "EnableIAMDatabaseAuthentication": true,
        "Engine": "postgres",
        "EngineVersion": "18",
        "MasterUserPassword": {
          "Fn::Join": [
            "",
            [
              "{{resolve:secretsmanager:",
              {
                "Ref": "DispatchDispatchDatabaseDispatchdbSecret614B16773fdaad7efa858a3daf9490cf0a702aeb",
              },
              ":SecretString:password::}}",
            ],
          ],
        },
        "MasterUsername": "dispatchuser",
        "MultiAZ": false,
        "Port": "5432",
        "PreferredMaintenanceWindow": "Tue:08:00-Tue:08:30",
        "PubliclyAccessible": false,
        "StorageEncrypted": true,
        "StorageType": "gp3",
        "Tags": [
          {
            "Key": "App",
            "Value": "dispatch-db",
          },
          {
            "Key": "devx-backup-enabled",
            "Value": "true",
          },
          {
            "Key": "gu:cdk:version",
            "Value": "64.1.0",
          },
          {
            "Key": "gu:repo",
            "Value": "guardian/notifications-tooling",
          },
          {
            "Key": "Stack",
            "Value": "notifications",
          },
          {
            "Key": "Stage",
            "Value": "TEST",
          },
        ],
        "VPCSecurityGroups": [
          {
            "Fn::GetAtt": [
              "DBSecurityGroupDispatchED54EAC4",
              "GroupId",
            ],
          },
        ],
      },
      "Type": "AWS::RDS::DBInstance",
      "UpdateReplacePolicy": "Retain",
    },
    "DispatchDatabaseDispatchdbSecretAttachment4EB9AA07": {
      "Properties": {
        "SecretId": {
          "Ref": "DispatchDispatchDatabaseDispatchdbSecret614B16773fdaad7efa858a3daf9490cf0a702aeb",
        },
        "TargetId": {
          "Ref": "DispatchDatabaseDispatchdbCB51798D",
        },
        "TargetType": "AWS::RDS::DBInstance",
      },
      "Type": "AWS::SecretsManager::SecretTargetAttachment",
    },
    "DispatchDispatchDatabaseDispatchdbSecret614B16773fdaad7efa858a3daf9490cf0a702aeb": {
      "DeletionPolicy": "Delete",
      "Properties": {
        "Description": {
          "Fn::Join": [
            "",
            [
              "Generated by the CDK for stack: ",
              {
                "Ref": "AWS::StackName",
              },
            ],
          ],
        },
        "GenerateSecretString": {
          "ExcludeCharacters": " %+~\`#$&*()|[]{}:;<>?!'/@"\\",
          "GenerateStringKey": "password",
          "PasswordLength": 30,
          "SecretStringTemplate": "{"username":"dispatchuser"}",
        },
        "Name": "/TEST/notifications/dispatch/db",
        "Tags": [
          {
            "Key": "App",
            "Value": "dispatch-db",
          },
          {
            "Key": "devx-backup-enabled",
            "Value": "true",
          },
          {
            "Key": "gu:cdk:version",
            "Value": "64.1.0",
          },
          {
            "Key": "gu:repo",
            "Value": "guardian/notifications-tooling",
          },
          {
            "Key": "Stack",
            "Value": "notifications",
          },
          {
            "Key": "Stage",
            "Value": "TEST",
          },
        ],
      },
      "Type": "AWS::SecretsManager::Secret",
      "UpdateReplacePolicy": "Delete",
    },
    "DispatchLambdaSecurityGroupDispatchDC5B2093": {
      "Properties": {
        "GroupDescription": "Dispatch/DispatchLambdaSecurityGroupDispatch",
        "GroupName": "DispatchLambdaSecurityGroupTEST",
        "SecurityGroupEgress": [
          {
            "CidrIp": "0.0.0.0/0",
            "Description": "Allow all outbound traffic by default",
            "IpProtocol": "-1",
          },
        ],
        "Tags": [
          {
            "Key": "App",
            "Value": "dispatch",
          },
          {
            "Key": "gu:cdk:version",
            "Value": "64.1.0",
          },
          {
            "Key": "gu:repo",
            "Value": "guardian/notifications-tooling",
          },
          {
            "Key": "Stack",
            "Value": "notifications",
          },
          {
            "Key": "Stage",
            "Value": "TEST",
          },
        ],
        "VpcId": {
          "Ref": "VpcId",
        },
      },
      "Type": "AWS::EC2::SecurityGroup",
    },
    "DispatchLocalPolicy64F95F55": {
      "Properties": {
        "Description": "Run dispatch locally",
        "Path": "/developer-policy/guardian/notifications-tooling/notifications/TEST/run-dispatch-locally/",
        "PolicyDocument": {
          "Statement": [
            {
              "Action": "s3:GetObject",
              "Effect": "Allow",
              "Resource": "arn:aws:s3:::pan-domain-auth-settings/local.dev-gutools.co.uk.settings.public",
            },
            {
              "Action": "kms:Decrypt",
              "Effect": "Allow",
              "Resource": {
                "Fn::Join": [
                  "",
                  [
                    "arn:aws:kms:eu-west-1:",
                    {
                      "Ref": "AWS::AccountId",
                    },
                    ":alias/aws/ssm",
                  ],
                ],
              },
            },
            {
              "Action": [
                "ssm:GetParameter",
                "ssm:GetParameters",
              ],
              "Effect": "Allow",
              "Resource": {
                "Fn::Join": [
                  "",
                  [
                    "arn:aws:ssm:eu-west-1:",
                    {
                      "Ref": "AWS::AccountId",
                    },
                    ":parameter/flexible/login/DEV/*",
                  ],
                ],
              },
            },
            {
              "Action": "s3:GetObject",
              "Effect": "Allow",
              "Resource": [
                "arn:aws:s3:::login-gutools-config/DEV/*",
                "arn:aws:s3:::pan-domain-auth-settings/*",
                "arn:aws:s3:::permissions-cache/CODE/*",
              ],
            },
          ],
          "Version": "2012-10-17",
        },
      },
      "Type": "AWS::IAM::ManagedPolicy",
    },
    "dispatchlambdaEBD865CC": {
      "DependsOn": [
        "dispatchlambdaServiceRoleDefaultPolicy2917D760",
        "dispatchlambdaServiceRole973DFF82",
      ],
      "Properties": {
        "Architectures": [
          "arm64",
        ],
        "Code": {
          "S3Bucket": {
            "Ref": "DistributionBucketName",
          },
          "S3Key": "notifications/TEST/dispatch/dispatch.zip",
        },
        "Environment": {
          "Variables": {
            "APP": "dispatch",
            "STACK": "notifications",
            "STAGE": "TEST",
          },
        },
        "Handler": "handler.handler",
        "Layers": [
          "arn:aws:lambda:eu-west-1:015030872274:layer:AWS-Parameters-and-Secrets-Lambda-Extension-Arm64:96",
        ],
        "LoggingConfig": {
          "LogFormat": "JSON",
        },
        "MemorySize": 512,
        "ReservedConcurrentExecutions": 10,
        "Role": {
          "Fn::GetAtt": [
            "dispatchlambdaServiceRole973DFF82",
            "Arn",
          ],
        },
        "Runtime": "nodejs24.x",
        "Tags": [
          {
            "Key": "App",
            "Value": "dispatch",
          },
          {
            "Key": "gu:cdk:version",
            "Value": "64.1.0",
          },
          {
            "Key": "gu:repo",
            "Value": "guardian/notifications-tooling",
          },
          {
            "Key": "Stack",
            "Value": "notifications",
          },
          {
            "Key": "Stage",
            "Value": "TEST",
          },
        ],
        "Timeout": 30,
        "VpcConfig": {
          "SecurityGroupIds": [
            {
              "Fn::GetAtt": [
                "DispatchLambdaSecurityGroupDispatchDC5B2093",
                "GroupId",
              ],
            },
          ],
          "SubnetIds": {
            "Ref": "dispatchPublicSubnets",
          },
        },
      },
      "Type": "AWS::Lambda::Function",
    },
    "dispatchlambdaServiceRole973DFF82": {
      "Properties": {
        "AssumeRolePolicyDocument": {
          "Statement": [
            {
              "Action": "sts:AssumeRole",
              "Effect": "Allow",
              "Principal": {
                "Service": "lambda.amazonaws.com",
              },
            },
          ],
          "Version": "2012-10-17",
        },
        "ManagedPolicyArns": [
          {
            "Fn::Join": [
              "",
              [
                "arn:",
                {
                  "Ref": "AWS::Partition",
                },
                ":iam::aws:policy/service-role/AWSLambdaBasicExecutionRole",
              ],
            ],
          },
          {
            "Fn::Join": [
              "",
              [
                "arn:",
                {
                  "Ref": "AWS::Partition",
                },
                ":iam::aws:policy/service-role/AWSLambdaVPCAccessExecutionRole",
              ],
            ],
          },
        ],
        "Tags": [
          {
            "Key": "App",
            "Value": "dispatch",
          },
          {
            "Key": "gu:cdk:version",
            "Value": "64.1.0",
          },
          {
            "Key": "gu:repo",
            "Value": "guardian/notifications-tooling",
          },
          {
            "Key": "Stack",
            "Value": "notifications",
          },
          {
            "Key": "Stage",
            "Value": "TEST",
          },
        ],
      },
      "Type": "AWS::IAM::Role",
    },
    "dispatchlambdaServiceRoleDefaultPolicy2917D760": {
      "Properties": {
        "PolicyDocument": {
          "Statement": [
            {
              "Action": [
                "s3:GetObject*",
                "s3:GetBucket*",
                "s3:List*",
              ],
              "Effect": "Allow",
              "Resource": [
                {
                  "Fn::Join": [
                    "",
                    [
                      "arn:",
                      {
                        "Ref": "AWS::Partition",
                      },
                      ":s3:::",
                      {
                        "Ref": "DistributionBucketName",
                      },
                    ],
                  ],
                },
                {
                  "Fn::Join": [
                    "",
                    [
                      "arn:",
                      {
                        "Ref": "AWS::Partition",
                      },
                      ":s3:::",
                      {
                        "Ref": "DistributionBucketName",
                      },
                      "/notifications/TEST/dispatch/dispatch.zip",
                    ],
                  ],
                },
              ],
            },
            {
              "Action": "ssm:GetParametersByPath",
              "Effect": "Allow",
              "Resource": {
                "Fn::Join": [
                  "",
                  [
                    "arn:aws:ssm:eu-west-1:",
                    {
                      "Ref": "AWS::AccountId",
                    },
                    ":parameter/TEST/notifications/dispatch",
                  ],
                ],
              },
            },
            {
              "Action": [
                "ssm:GetParameters",
                "ssm:GetParameter",
              ],
              "Effect": "Allow",
              "Resource": {
                "Fn::Join": [
                  "",
                  [
                    "arn:aws:ssm:eu-west-1:",
                    {
                      "Ref": "AWS::AccountId",
                    },
                    ":parameter/TEST/notifications/dispatch/*",
                  ],
                ],
              },
            },
            {
              "Action": "s3:GetObject",
              "Effect": "Allow",
              "Resource": "arn:aws:s3:::pan-domain-auth-settings/code.dev-gutools.co.uk.settings.public",
            },
          ],
          "Version": "2012-10-17",
        },
        "PolicyName": "dispatchlambdaServiceRoleDefaultPolicy2917D760",
        "Roles": [
          {
            "Ref": "dispatchlambdaServiceRole973DFF82",
          },
        ],
      },
      "Type": "AWS::IAM::Policy",
    },
    "dispatchlambdadispatchapiANY957BDAF9": {
      "Properties": {
        "AuthorizationType": "NONE",
        "HttpMethod": "ANY",
        "Integration": {
          "IntegrationHttpMethod": "POST",
          "Type": "AWS_PROXY",
          "Uri": {
            "Fn::Join": [
              "",
              [
                "arn:",
                {
                  "Ref": "AWS::Partition",
                },
                ":apigateway:eu-west-1:lambda:path/2015-03-31/functions/",
                {
                  "Fn::GetAtt": [
                    "dispatchlambdaEBD865CC",
                    "Arn",
                  ],
                },
                "/invocations",
              ],
            ],
          },
        },
        "ResourceId": {
          "Fn::GetAtt": [
            "dispatchlambdadispatchapiEEAA8616",
            "RootResourceId",
          ],
        },
        "RestApiId": {
          "Ref": "dispatchlambdadispatchapiEEAA8616",
        },
      },
      "Type": "AWS::ApiGateway::Method",
    },
    "dispatchlambdadispatchapiANYApiPermissionDispatchdispatchlambdadispatchapi3C057723ANY0B57AECD": {
      "Properties": {
        "Action": "lambda:InvokeFunction",
        "FunctionName": {
          "Fn::GetAtt": [
            "dispatchlambdaEBD865CC",
            "Arn",
          ],
        },
        "Principal": "apigateway.amazonaws.com",
        "SourceArn": {
          "Fn::Join": [
            "",
            [
              "arn:",
              {
                "Ref": "AWS::Partition",
              },
              ":execute-api:eu-west-1:",
              {
                "Ref": "AWS::AccountId",
              },
              ":",
              {
                "Ref": "dispatchlambdadispatchapiEEAA8616",
              },
              "/",
              {
                "Ref": "dispatchlambdadispatchapiDeploymentStageprod8A227FBD",
              },
              "/*/",
            ],
          ],
        },
      },
      "Type": "AWS::Lambda::Permission",
    },
    "dispatchlambdadispatchapiANYApiPermissionTestDispatchdispatchlambdadispatchapi3C057723ANY76993E8C": {
      "Properties": {
        "Action": "lambda:InvokeFunction",
        "FunctionName": {
          "Fn::GetAtt": [
            "dispatchlambdaEBD865CC",
            "Arn",
          ],
        },
        "Principal": "apigateway.amazonaws.com",
        "SourceArn": {
          "Fn::Join": [
            "",
            [
              "arn:",
              {
                "Ref": "AWS::Partition",
              },
              ":execute-api:eu-west-1:",
              {
                "Ref": "AWS::AccountId",
              },
              ":",
              {
                "Ref": "dispatchlambdadispatchapiEEAA8616",
              },
              "/test-invoke-stage/*/",
            ],
          ],
        },
      },
      "Type": "AWS::Lambda::Permission",
    },
    "dispatchlambdadispatchapiAccount83D5272B": {
      "DeletionPolicy": "Retain",
      "DependsOn": [
        "dispatchlambdadispatchapiEEAA8616",
      ],
      "Properties": {
        "CloudWatchRoleArn": {
          "Fn::GetAtt": [
            "dispatchlambdadispatchapiCloudWatchRole3127AE9E",
            "Arn",
          ],
        },
      },
      "Type": "AWS::ApiGateway::Account",
      "UpdateReplacePolicy": "Retain",
    },
    "dispatchlambdadispatchapiCloudWatchRole3127AE9E": {
      "DeletionPolicy": "Retain",
      "Properties": {
        "AssumeRolePolicyDocument": {
          "Statement": [
            {
              "Action": "sts:AssumeRole",
              "Effect": "Allow",
              "Principal": {
                "Service": "apigateway.amazonaws.com",
              },
            },
          ],
          "Version": "2012-10-17",
        },
        "ManagedPolicyArns": [
          {
            "Fn::Join": [
              "",
              [
                "arn:",
                {
                  "Ref": "AWS::Partition",
                },
                ":iam::aws:policy/service-role/AmazonAPIGatewayPushToCloudWatchLogs",
              ],
            ],
          },
        ],
        "Tags": [
          {
            "Key": "App",
            "Value": "dispatch",
          },
          {
            "Key": "gu:cdk:version",
            "Value": "64.1.0",
          },
          {
            "Key": "gu:repo",
            "Value": "guardian/notifications-tooling",
          },
          {
            "Key": "Stack",
            "Value": "notifications",
          },
          {
            "Key": "Stage",
            "Value": "TEST",
          },
        ],
      },
      "Type": "AWS::IAM::Role",
      "UpdateReplacePolicy": "Retain",
    },
    "dispatchlambdadispatchapiDeployment664A949C594d55d1235faa485a8c70453d73a7af": {
      "DependsOn": [
        "dispatchlambdadispatchapiproxyANYE34E6F78",
        "dispatchlambdadispatchapiproxy929EBBAA",
        "dispatchlambdadispatchapiANY957BDAF9",
      ],
      "Metadata": {
        "aws:cdk:do-not-refactor": true,
      },
      "Properties": {
        "Description": "API for creating, previewing, and dispatching multi-channel notifications. It provides a frontend for users to configure and send notifications, and a backend responsible for forwarding requests to relevant downstream services e.g. app and email notification APIs.",
        "RestApiId": {
          "Ref": "dispatchlambdadispatchapiEEAA8616",
        },
      },
      "Type": "AWS::ApiGateway::Deployment",
    },
    "dispatchlambdadispatchapiDeploymentStageprod8A227FBD": {
      "DependsOn": [
        "dispatchlambdadispatchapiAccount83D5272B",
      ],
      "Properties": {
        "DeploymentId": {
          "Ref": "dispatchlambdadispatchapiDeployment664A949C594d55d1235faa485a8c70453d73a7af",
        },
        "RestApiId": {
          "Ref": "dispatchlambdadispatchapiEEAA8616",
        },
        "StageName": "prod",
        "Tags": [
          {
            "Key": "App",
            "Value": "dispatch",
          },
          {
            "Key": "gu:cdk:version",
            "Value": "64.1.0",
          },
          {
            "Key": "gu:repo",
            "Value": "guardian/notifications-tooling",
          },
          {
            "Key": "Stack",
            "Value": "notifications",
          },
          {
            "Key": "Stage",
            "Value": "TEST",
          },
        ],
      },
      "Type": "AWS::ApiGateway::Stage",
    },
    "dispatchlambdadispatchapiEEAA8616": {
      "Properties": {
        "Description": "API for creating, previewing, and dispatching multi-channel notifications. It provides a frontend for users to configure and send notifications, and a backend responsible for forwarding requests to relevant downstream services e.g. app and email notification APIs.",
        "Name": "notifications-TEST-dispatch-api",
        "Tags": [
          {
            "Key": "App",
            "Value": "dispatch",
          },
          {
            "Key": "gu:cdk:version",
            "Value": "64.1.0",
          },
          {
            "Key": "gu:repo",
            "Value": "guardian/notifications-tooling",
          },
          {
            "Key": "Stack",
            "Value": "notifications",
          },
          {
            "Key": "Stage",
            "Value": "TEST",
          },
        ],
      },
      "Type": "AWS::ApiGateway::RestApi",
    },
    "dispatchlambdadispatchapidispatchdomain85127498": {
      "Properties": {
        "DomainName": "dispatch.code.dev-gutools.co.uk",
        "EndpointConfiguration": {
          "Types": [
            "REGIONAL",
          ],
        },
        "RegionalCertificateArn": {
          "Ref": "CertificateDispatchB98021E7",
        },
        "Tags": [
          {
            "Key": "App",
            "Value": "dispatch",
          },
          {
            "Key": "gu:cdk:version",
            "Value": "64.1.0",
          },
          {
            "Key": "gu:repo",
            "Value": "guardian/notifications-tooling",
          },
          {
            "Key": "Stack",
            "Value": "notifications",
          },
          {
            "Key": "Stage",
            "Value": "TEST",
          },
        ],
      },
      "Type": "AWS::ApiGateway::DomainName",
    },
    "dispatchlambdadispatchapidispatchdomainMapDispatchdispatchlambdadispatchapi3C057723FB0C4773": {
      "Properties": {
        "DomainName": {
          "Ref": "dispatchlambdadispatchapidispatchdomain85127498",
        },
        "RestApiId": {
          "Ref": "dispatchlambdadispatchapiEEAA8616",
        },
        "Stage": {
          "Ref": "dispatchlambdadispatchapiDeploymentStageprod8A227FBD",
        },
      },
      "Type": "AWS::ApiGateway::BasePathMapping",
    },
    "dispatchlambdadispatchapiproxy929EBBAA": {
      "Properties": {
        "ParentId": {
          "Fn::GetAtt": [
            "dispatchlambdadispatchapiEEAA8616",
            "RootResourceId",
          ],
        },
        "PathPart": "{proxy+}",
        "RestApiId": {
          "Ref": "dispatchlambdadispatchapiEEAA8616",
        },
      },
      "Type": "AWS::ApiGateway::Resource",
    },
    "dispatchlambdadispatchapiproxyANYApiPermissionDispatchdispatchlambdadispatchapi3C057723ANYproxy12C2B79A": {
      "Properties": {
        "Action": "lambda:InvokeFunction",
        "FunctionName": {
          "Fn::GetAtt": [
            "dispatchlambdaEBD865CC",
            "Arn",
          ],
        },
        "Principal": "apigateway.amazonaws.com",
        "SourceArn": {
          "Fn::Join": [
            "",
            [
              "arn:",
              {
                "Ref": "AWS::Partition",
              },
              ":execute-api:eu-west-1:",
              {
                "Ref": "AWS::AccountId",
              },
              ":",
              {
                "Ref": "dispatchlambdadispatchapiEEAA8616",
              },
              "/",
              {
                "Ref": "dispatchlambdadispatchapiDeploymentStageprod8A227FBD",
              },
              "/*/*",
            ],
          ],
        },
      },
      "Type": "AWS::Lambda::Permission",
    },
    "dispatchlambdadispatchapiproxyANYApiPermissionTestDispatchdispatchlambdadispatchapi3C057723ANYproxy5AB1F5C9": {
      "Properties": {
        "Action": "lambda:InvokeFunction",
        "FunctionName": {
          "Fn::GetAtt": [
            "dispatchlambdaEBD865CC",
            "Arn",
          ],
        },
        "Principal": "apigateway.amazonaws.com",
        "SourceArn": {
          "Fn::Join": [
            "",
            [
              "arn:",
              {
                "Ref": "AWS::Partition",
              },
              ":execute-api:eu-west-1:",
              {
                "Ref": "AWS::AccountId",
              },
              ":",
              {
                "Ref": "dispatchlambdadispatchapiEEAA8616",
              },
              "/test-invoke-stage/*/*",
            ],
          ],
        },
      },
      "Type": "AWS::Lambda::Permission",
    },
    "dispatchlambdadispatchapiproxyANYE34E6F78": {
      "Properties": {
        "AuthorizationType": "NONE",
        "HttpMethod": "ANY",
        "Integration": {
          "IntegrationHttpMethod": "POST",
          "Type": "AWS_PROXY",
          "Uri": {
            "Fn::Join": [
              "",
              [
                "arn:",
                {
                  "Ref": "AWS::Partition",
                },
                ":apigateway:eu-west-1:lambda:path/2015-03-31/functions/",
                {
                  "Fn::GetAtt": [
                    "dispatchlambdaEBD865CC",
                    "Arn",
                  ],
                },
                "/invocations",
              ],
            ],
          },
        },
        "ResourceId": {
          "Ref": "dispatchlambdadispatchapiproxy929EBBAA",
        },
        "RestApiId": {
          "Ref": "dispatchlambdadispatchapiEEAA8616",
        },
      },
      "Type": "AWS::ApiGateway::Method",
    },
  },
}
`;
